Internal Error: list index out of range 
Internal Error: list index out of range 
